// Jest Snapshot v1, https://goo.gl/fbAQLP

exports[`highlightList matches snapshot 1`] = `
<div>
  <ul
    class="list"
  >
    <li>
      Item 1
    </li>
    <li>
      Item 2
    </li>
    <li>
      Item 3
    </li>
    <li>
      Item 4
    </li>
  </ul>
</div>
`;
