// Jest Snapshot v1, https://goo.gl/fbAQLP

exports[`track matches snapshot 1`] = `
<div>
  <li
    class="track"
  >
    <button
      class="title"
      title="Track Name"
    >
      Track Name
    </button>
    <div
      class="audio"
    >
      <div
        aria-label="Audio player"
        class="rhap_container rhap_loop--off rhap_play-status--paused "
        role="group"
        tabindex="0"
      >
        <audio
          preload="none"
          src="https://test.mp3"
        />
        <div
          class="rhap_main rhap_horizontal"
        >
          <div
            class="rhap_progress-section"
          >
            <div
              class="rhap_time rhap_current-time"
              id="rhap_current-time"
            >
              --:--
            </div>
            <div
              aria-label="Audio progress control"
              aria-valuemax="100"
              aria-valuemin="0"
              aria-valuenow="0"
              class="rhap_progress-container"
              role="progressbar"
              tabindex="0"
            >
              <div
                class="rhap_progress-bar rhap_progress-bar-show-download"
              >
                <div
                  class="rhap_progress-indicator"
                  style="left: 0%;"
                />
                <div
                  class="rhap_progress-filled"
                  style="width: 0%;"
                />
              </div>
            </div>
            <div
              class="rhap_time rhap_total-time"
            >
              --:--
            </div>
          </div>
          <div
            class="rhap_controls-section"
          >
            <div
              class="rhap_additional-controls"
            />
            <div
              class="rhap_main-controls"
            >
              <button
                aria-label="Play"
                class="rhap_button-clear rhap_main-controls-button rhap_play-pause-button"
                type="button"
              >
                <span />
              </button>
            </div>
            <div
              class="rhap_volume-controls"
            />
          </div>
        </div>
      </div>
    </div>
  </li>
</div>
`;
